Archive member included to satisfy reference by file (symbol)

/usr/lib/gcc/avr/4.9.2/avr5/libgcc.a(_exit.o)
                              /usr/lib/gcc/avr/4.9.2/../../../avr/lib/avr5/crtatmega328.o (exit)
/usr/lib/gcc/avr/4.9.2/avr5/libgcc.a(_copy_data.o)
                              tp2.o (__do_copy_data)
/usr/lib/gcc/avr/4.9.2/avr5/libgcc.a(_clear_bss.o)
                              tp2.o (__do_clear_bss)
/usr/lib/gcc/avr/4.9.2/avr5/libgcc.a(_ctors.o)
                              tp2.o (__do_global_ctors)
/usr/lib/gcc/avr/4.9.2/avr5/libgcc.a(_tablejump2.o)
                              /usr/lib/gcc/avr/4.9.2/avr5/libgcc.a(_ctors.o) (__tablejump2__)
/usr/lib/gcc/avr/4.9.2/../../../avr/lib/avr5/libc.a(fputs.o)
                              tp2.o (fputs)
/usr/lib/gcc/avr/4.9.2/../../../avr/lib/avr5/libc.a(iob.o)
                              tp2.o (__iob)
/usr/lib/gcc/avr/4.9.2/../../../avr/lib/avr5/libc.a(printf.o)
                              tp2.o (printf)
/usr/lib/gcc/avr/4.9.2/../../../avr/lib/avr5/libc.a(vfprintf_std.o)
                              /usr/lib/gcc/avr/4.9.2/../../../avr/lib/avr5/libc.a(printf.o) (vfprintf)
/usr/lib/gcc/avr/4.9.2/../../../avr/lib/avr5/libc.a(strnlen_P.o)
                              /usr/lib/gcc/avr/4.9.2/../../../avr/lib/avr5/libc.a(vfprintf_std.o) (strnlen_P)
/usr/lib/gcc/avr/4.9.2/../../../avr/lib/avr5/libc.a(strnlen.o)
                              /usr/lib/gcc/avr/4.9.2/../../../avr/lib/avr5/libc.a(vfprintf_std.o) (strnlen)
/usr/lib/gcc/avr/4.9.2/../../../avr/lib/avr5/libc.a(fputc.o)
                              /usr/lib/gcc/avr/4.9.2/../../../avr/lib/avr5/libc.a(vfprintf_std.o) (fputc)
/usr/lib/gcc/avr/4.9.2/../../../avr/lib/avr5/libc.a(ultoa_invert.o)
                              /usr/lib/gcc/avr/4.9.2/../../../avr/lib/avr5/libc.a(vfprintf_std.o) (__ultoa_invert)
/usr/lib/gcc/avr/4.9.2/avr5/libgcc.a(_prologue.o)
                              /usr/lib/gcc/avr/4.9.2/../../../avr/lib/avr5/libc.a(printf.o) (__prologue_saves__)
/usr/lib/gcc/avr/4.9.2/avr5/libgcc.a(_epilogue.o)
                              /usr/lib/gcc/avr/4.9.2/../../../avr/lib/avr5/libc.a(fputs.o) (__epilogue_restores__)

Allocating common symbols
Common symbol       size              file

__iob               0x6               /usr/lib/gcc/avr/4.9.2/../../../avr/lib/avr5/libc.a(iob.o)

Memory Configuration

Name             Origin             Length             Attributes
text             0x0000000000000000 0x0000000000020000 xr
data             0x0000000000800060 0x000000000000ffa0 rw !x
eeprom           0x0000000000810000 0x0000000000010000 rw !x
fuse             0x0000000000820000 0x0000000000000400 rw !x
lock             0x0000000000830000 0x0000000000000400 rw !x
signature        0x0000000000840000 0x0000000000000400 rw !x
user_signatures  0x0000000000850000 0x0000000000000400 rw !x
*default*        0x0000000000000000 0xffffffffffffffff

Linker script and memory map

Address of section .data set to 0x800100
LOAD /usr/lib/gcc/avr/4.9.2/../../../avr/lib/avr5/crtatmega328.o
LOAD tp2.o
START GROUP
LOAD /usr/lib/gcc/avr/4.9.2/avr5/libgcc.a
LOAD /usr/lib/gcc/avr/4.9.2/../../../avr/lib/avr5/libm.a
LOAD /usr/lib/gcc/avr/4.9.2/../../../avr/lib/avr5/libc.a
LOAD /usr/lib/gcc/avr/4.9.2/../../../avr/lib/avr5/libatmega328.a
END GROUP

.hash
 *(.hash)

.dynsym
 *(.dynsym)

.dynstr
 *(.dynstr)

.gnu.version
 *(.gnu.version)

.gnu.version_d
 *(.gnu.version_d)

.gnu.version_r
 *(.gnu.version_r)

.rel.init
 *(.rel.init)

.rela.init
 *(.rela.init)

.rel.text
 *(.rel.text)
 *(.rel.text.*)
 *(.rel.gnu.linkonce.t*)

.rela.text
 *(.rela.text)
 *(.rela.text.*)
 *(.rela.gnu.linkonce.t*)

.rel.fini
 *(.rel.fini)

.rela.fini
 *(.rela.fini)

.rel.rodata
 *(.rel.rodata)
 *(.rel.rodata.*)
 *(.rel.gnu.linkonce.r*)

.rela.rodata
 *(.rela.rodata)
 *(.rela.rodata.*)
 *(.rela.gnu.linkonce.r*)

.rel.data
 *(.rel.data)
 *(.rel.data.*)
 *(.rel.gnu.linkonce.d*)

.rela.data
 *(.rela.data)
 *(.rela.data.*)
 *(.rela.gnu.linkonce.d*)

.rel.ctors
 *(.rel.ctors)

.rela.ctors
 *(.rela.ctors)

.rel.dtors
 *(.rel.dtors)

.rela.dtors
 *(.rela.dtors)

.rel.got
 *(.rel.got)

.rela.got
 *(.rela.got)

.rel.bss
 *(.rel.bss)

.rela.bss
 *(.rela.bss)

.rel.plt
 *(.rel.plt)

.rela.plt
 *(.rela.plt)

.text           0x0000000000000000      0x98e
 *(.vectors)
 .vectors       0x0000000000000000       0x68 /usr/lib/gcc/avr/4.9.2/../../../avr/lib/avr5/crtatmega328.o
                0x0000000000000000                __vectors
                0x0000000000000000                __vector_default
 *(.vectors)
 *(.progmem.gcc*)
                0x0000000000000068                . = ALIGN (0x2)
                0x0000000000000068                __trampolines_start = .
 *(.trampolines)
 .trampolines   0x0000000000000068        0x0 linker stubs
 *(.trampolines*)
                0x0000000000000068                __trampolines_end = .
 *(.progmem*)
                0x0000000000000068                . = ALIGN (0x2)
 *(.jumptables)
 *(.jumptables*)
 *(.lowtext)
 *(.lowtext*)
                0x0000000000000068                __ctors_start = .
 *(.ctors)
 .ctors         0x0000000000000068        0x2 tp2.o
                0x000000000000006a                __ctors_end = .
                0x000000000000006a                __dtors_start = .
 *(.dtors)
                0x000000000000006a                __dtors_end = .
 SORT(*)(.ctors)
 SORT(*)(.dtors)
 *(.init0)
 .init0         0x000000000000006a        0x0 /usr/lib/gcc/avr/4.9.2/../../../avr/lib/avr5/crtatmega328.o
                0x000000000000006a                __init
 *(.init0)
 *(.init1)
 *(.init1)
 *(.init2)
 .init2         0x000000000000006a        0xc /usr/lib/gcc/avr/4.9.2/../../../avr/lib/avr5/crtatmega328.o
 *(.init2)
 *(.init3)
 *(.init3)
 *(.init4)
 .init4         0x0000000000000076       0x16 /usr/lib/gcc/avr/4.9.2/avr5/libgcc.a(_copy_data.o)
                0x0000000000000076                __do_copy_data
 .init4         0x000000000000008c       0x10 /usr/lib/gcc/avr/4.9.2/avr5/libgcc.a(_clear_bss.o)
                0x000000000000008c                __do_clear_bss
 *(.init4)
 *(.init5)
 *(.init5)
 *(.init6)
 .init6         0x000000000000009c       0x16 /usr/lib/gcc/avr/4.9.2/avr5/libgcc.a(_ctors.o)
                0x000000000000009c                __do_global_ctors
 *(.init6)
 *(.init7)
 *(.init7)
 *(.init8)
 *(.init8)
 *(.init9)
 .init9         0x00000000000000b2        0x8 /usr/lib/gcc/avr/4.9.2/../../../avr/lib/avr5/crtatmega328.o
 *(.init9)
 *(.text)
 .text          0x00000000000000ba        0x4 /usr/lib/gcc/avr/4.9.2/../../../avr/lib/avr5/crtatmega328.o
                0x00000000000000ba                __vector_22
                0x00000000000000ba                __vector_1
                0x00000000000000ba                __vector_24
                0x00000000000000ba                __vector_12
                0x00000000000000ba                __bad_interrupt
                0x00000000000000ba                __vector_6
                0x00000000000000ba                __vector_3
                0x00000000000000ba                __vector_23
                0x00000000000000ba                __vector_25
                0x00000000000000ba                __vector_11
                0x00000000000000ba                __vector_13
                0x00000000000000ba                __vector_17
                0x00000000000000ba                __vector_19
                0x00000000000000ba                __vector_7
                0x00000000000000ba                __vector_5
                0x00000000000000ba                __vector_4
                0x00000000000000ba                __vector_9
                0x00000000000000ba                __vector_2
                0x00000000000000ba                __vector_21
                0x00000000000000ba                __vector_15
                0x00000000000000ba                __vector_8
                0x00000000000000ba                __vector_14
                0x00000000000000ba                __vector_10
                0x00000000000000ba                __vector_16
                0x00000000000000ba                __vector_18
                0x00000000000000ba                __vector_20
 .text          0x00000000000000be      0x26a tp2.o
                0x00000000000000be                uart_putchar
                0x00000000000000f6                uart_getchar
                0x00000000000002a6                uart_putstring
                0x00000000000002c6                toggle_led
                0x00000000000002d0                pulse
 .text          0x0000000000000328        0x0 /usr/lib/gcc/avr/4.9.2/avr5/libgcc.a(_exit.o)
 .text          0x0000000000000328        0x0 /usr/lib/gcc/avr/4.9.2/avr5/libgcc.a(_copy_data.o)
 .text          0x0000000000000328        0x0 /usr/lib/gcc/avr/4.9.2/avr5/libgcc.a(_clear_bss.o)
 .text          0x0000000000000328        0x0 /usr/lib/gcc/avr/4.9.2/avr5/libgcc.a(_ctors.o)
 .text          0x0000000000000328        0x0 /usr/lib/gcc/avr/4.9.2/avr5/libgcc.a(_tablejump2.o)
 .text          0x0000000000000328        0x0 /usr/lib/gcc/avr/4.9.2/../../../avr/lib/avr5/libc.a(fputs.o)
 .text          0x0000000000000328        0x0 /usr/lib/gcc/avr/4.9.2/../../../avr/lib/avr5/libc.a(iob.o)
 .text          0x0000000000000328        0x0 /usr/lib/gcc/avr/4.9.2/../../../avr/lib/avr5/libc.a(printf.o)
 .text          0x0000000000000328        0x0 /usr/lib/gcc/avr/4.9.2/../../../avr/lib/avr5/libc.a(vfprintf_std.o)
 .text          0x0000000000000328        0x0 /usr/lib/gcc/avr/4.9.2/../../../avr/lib/avr5/libc.a(strnlen_P.o)
 .text          0x0000000000000328        0x0 /usr/lib/gcc/avr/4.9.2/../../../avr/lib/avr5/libc.a(strnlen.o)
 .text          0x0000000000000328        0x0 /usr/lib/gcc/avr/4.9.2/../../../avr/lib/avr5/libc.a(fputc.o)
 .text          0x0000000000000328        0x0 /usr/lib/gcc/avr/4.9.2/../../../avr/lib/avr5/libc.a(ultoa_invert.o)
 .text          0x0000000000000328        0x0 /usr/lib/gcc/avr/4.9.2/avr5/libgcc.a(_prologue.o)
 .text          0x0000000000000328        0x0 /usr/lib/gcc/avr/4.9.2/avr5/libgcc.a(_epilogue.o)
                0x0000000000000328                . = ALIGN (0x2)
 *(.text.*)
 .text.startup  0x0000000000000328       0x6c tp2.o
                0x0000000000000328                uart_init
                0x000000000000034c                main
 .text.libgcc.mul
                0x0000000000000394        0x0 /usr/lib/gcc/avr/4.9.2/avr5/libgcc.a(_exit.o)
 .text.libgcc.div
                0x0000000000000394        0x0 /usr/lib/gcc/avr/4.9.2/avr5/libgcc.a(_exit.o)
 .text.libgcc   0x0000000000000394        0x0 /usr/lib/gcc/avr/4.9.2/avr5/libgcc.a(_exit.o)
 .text.libgcc.prologue
                0x0000000000000394        0x0 /usr/lib/gcc/avr/4.9.2/avr5/libgcc.a(_exit.o)
 .text.libgcc.builtins
                0x0000000000000394        0x0 /usr/lib/gcc/avr/4.9.2/avr5/libgcc.a(_exit.o)
 .text.libgcc.fmul
                0x0000000000000394        0x0 /usr/lib/gcc/avr/4.9.2/avr5/libgcc.a(_exit.o)
 .text.libgcc.fixed
                0x0000000000000394        0x0 /usr/lib/gcc/avr/4.9.2/avr5/libgcc.a(_exit.o)
 .text.libgcc.mul
                0x0000000000000394        0x0 /usr/lib/gcc/avr/4.9.2/avr5/libgcc.a(_copy_data.o)
 .text.libgcc.div
                0x0000000000000394        0x0 /usr/lib/gcc/avr/4.9.2/avr5/libgcc.a(_copy_data.o)
 .text.libgcc   0x0000000000000394        0x0 /usr/lib/gcc/avr/4.9.2/avr5/libgcc.a(_copy_data.o)
 .text.libgcc.prologue
                0x0000000000000394        0x0 /usr/lib/gcc/avr/4.9.2/avr5/libgcc.a(_copy_data.o)
 .text.libgcc.builtins
                0x0000000000000394        0x0 /usr/lib/gcc/avr/4.9.2/avr5/libgcc.a(_copy_data.o)
 .text.libgcc.fmul
                0x0000000000000394        0x0 /usr/lib/gcc/avr/4.9.2/avr5/libgcc.a(_copy_data.o)
 .text.libgcc.fixed
                0x0000000000000394        0x0 /usr/lib/gcc/avr/4.9.2/avr5/libgcc.a(_copy_data.o)
 .text.libgcc.mul
                0x0000000000000394        0x0 /usr/lib/gcc/avr/4.9.2/avr5/libgcc.a(_clear_bss.o)
 .text.libgcc.div
                0x0000000000000394        0x0 /usr/lib/gcc/avr/4.9.2/avr5/libgcc.a(_clear_bss.o)
 .text.libgcc   0x0000000000000394        0x0 /usr/lib/gcc/avr/4.9.2/avr5/libgcc.a(_clear_bss.o)
 .text.libgcc.prologue
                0x0000000000000394        0x0 /usr/lib/gcc/avr/4.9.2/avr5/libgcc.a(_clear_bss.o)
 .text.libgcc.builtins
                0x0000000000000394        0x0 /usr/lib/gcc/avr/4.9.2/avr5/libgcc.a(_clear_bss.o)
 .text.libgcc.fmul
                0x0000000000000394        0x0 /usr/lib/gcc/avr/4.9.2/avr5/libgcc.a(_clear_bss.o)
 .text.libgcc.fixed
                0x0000000000000394        0x0 /usr/lib/gcc/avr/4.9.2/avr5/libgcc.a(_clear_bss.o)
 .text.libgcc.mul
                0x0000000000000394        0x0 /usr/lib/gcc/avr/4.9.2/avr5/libgcc.a(_ctors.o)
 .text.libgcc.div
                0x0000000000000394        0x0 /usr/lib/gcc/avr/4.9.2/avr5/libgcc.a(_ctors.o)
 .text.libgcc   0x0000000000000394        0x0 /usr/lib/gcc/avr/4.9.2/avr5/libgcc.a(_ctors.o)
 .text.libgcc.prologue
                0x0000000000000394        0x0 /usr/lib/gcc/avr/4.9.2/avr5/libgcc.a(_ctors.o)
 .text.libgcc.builtins
                0x0000000000000394        0x0 /usr/lib/gcc/avr/4.9.2/avr5/libgcc.a(_ctors.o)
 .text.libgcc.fmul
                0x0000000000000394        0x0 /usr/lib/gcc/avr/4.9.2/avr5/libgcc.a(_ctors.o)
 .text.libgcc.fixed
                0x0000000000000394        0x0 /usr/lib/gcc/avr/4.9.2/avr5/libgcc.a(_ctors.o)
 .text.libgcc.mul
                0x0000000000000394        0x0 /usr/lib/gcc/avr/4.9.2/avr5/libgcc.a(_tablejump2.o)
 .text.libgcc.div
                0x0000000000000394        0x0 /usr/lib/gcc/avr/4.9.2/avr5/libgcc.a(_tablejump2.o)
 .text.libgcc   0x0000000000000394        0xc /usr/lib/gcc/avr/4.9.2/avr5/libgcc.a(_tablejump2.o)
                0x0000000000000394                __tablejump2__
 .text.libgcc.prologue
                0x00000000000003a0        0x0 /usr/lib/gcc/avr/4.9.2/avr5/libgcc.a(_tablejump2.o)
 .text.libgcc.builtins
                0x00000000000003a0        0x0 /usr/lib/gcc/avr/4.9.2/avr5/libgcc.a(_tablejump2.o)
 .text.libgcc.fmul
                0x00000000000003a0        0x0 /usr/lib/gcc/avr/4.9.2/avr5/libgcc.a(_tablejump2.o)
 .text.libgcc.fixed
                0x00000000000003a0        0x0 /usr/lib/gcc/avr/4.9.2/avr5/libgcc.a(_tablejump2.o)
 .text.avr-libc
                0x00000000000003a0       0x54 /usr/lib/gcc/avr/4.9.2/../../../avr/lib/avr5/libc.a(fputs.o)
                0x00000000000003a0                fputs
 .text.avr-libc
                0x00000000000003f4       0x2c /usr/lib/gcc/avr/4.9.2/../../../avr/lib/avr5/libc.a(printf.o)
                0x00000000000003f4                printf
 .text.avr-libc
                0x0000000000000420      0x3a4 /usr/lib/gcc/avr/4.9.2/../../../avr/lib/avr5/libc.a(vfprintf_std.o)
                0x0000000000000420                vfprintf
 .text.avr-libc
                0x00000000000007c4       0x16 /usr/lib/gcc/avr/4.9.2/../../../avr/lib/avr5/libc.a(strnlen_P.o)
                0x00000000000007c4                strnlen_P
 .text.avr-libc
                0x00000000000007da       0x16 /usr/lib/gcc/avr/4.9.2/../../../avr/lib/avr5/libc.a(strnlen.o)
                0x00000000000007da                strnlen
 .text.avr-libc
                0x00000000000007f0       0x70 /usr/lib/gcc/avr/4.9.2/../../../avr/lib/avr5/libc.a(fputc.o)
                0x00000000000007f0                fputc
 .text.avr-libc
                0x0000000000000860       0xbc /usr/lib/gcc/avr/4.9.2/../../../avr/lib/avr5/libc.a(ultoa_invert.o)
                0x0000000000000860                __ultoa_invert
 .text.libgcc.mul
                0x000000000000091c        0x0 /usr/lib/gcc/avr/4.9.2/avr5/libgcc.a(_prologue.o)
 .text.libgcc.div
                0x000000000000091c        0x0 /usr/lib/gcc/avr/4.9.2/avr5/libgcc.a(_prologue.o)
 .text.libgcc   0x000000000000091c        0x0 /usr/lib/gcc/avr/4.9.2/avr5/libgcc.a(_prologue.o)
 .text.libgcc.prologue
                0x000000000000091c       0x38 /usr/lib/gcc/avr/4.9.2/avr5/libgcc.a(_prologue.o)
                0x000000000000091c                __prologue_saves__
 .text.libgcc.builtins
                0x0000000000000954        0x0 /usr/lib/gcc/avr/4.9.2/avr5/libgcc.a(_prologue.o)
 .text.libgcc.fmul
                0x0000000000000954        0x0 /usr/lib/gcc/avr/4.9.2/avr5/libgcc.a(_prologue.o)
 .text.libgcc.fixed
                0x0000000000000954        0x0 /usr/lib/gcc/avr/4.9.2/avr5/libgcc.a(_prologue.o)
 .text.libgcc.mul
                0x0000000000000954        0x0 /usr/lib/gcc/avr/4.9.2/avr5/libgcc.a(_epilogue.o)
 .text.libgcc.div
                0x0000000000000954        0x0 /usr/lib/gcc/avr/4.9.2/avr5/libgcc.a(_epilogue.o)
 .text.libgcc   0x0000000000000954        0x0 /usr/lib/gcc/avr/4.9.2/avr5/libgcc.a(_epilogue.o)
 .text.libgcc.prologue
                0x0000000000000954       0x36 /usr/lib/gcc/avr/4.9.2/avr5/libgcc.a(_epilogue.o)
                0x0000000000000954                __epilogue_restores__
 .text.libgcc.builtins
                0x000000000000098a        0x0 /usr/lib/gcc/avr/4.9.2/avr5/libgcc.a(_epilogue.o)
 .text.libgcc.fmul
                0x000000000000098a        0x0 /usr/lib/gcc/avr/4.9.2/avr5/libgcc.a(_epilogue.o)
 .text.libgcc.fixed
                0x000000000000098a        0x0 /usr/lib/gcc/avr/4.9.2/avr5/libgcc.a(_epilogue.o)
                0x000000000000098a                . = ALIGN (0x2)
 *(.fini9)
 .fini9         0x000000000000098a        0x0 /usr/lib/gcc/avr/4.9.2/avr5/libgcc.a(_exit.o)
                0x000000000000098a                exit
                0x000000000000098a                _exit
 *(.fini9)
 *(.fini8)
 *(.fini8)
 *(.fini7)
 *(.fini7)
 *(.fini6)
 *(.fini6)
 *(.fini5)
 *(.fini5)
 *(.fini4)
 *(.fini4)
 *(.fini3)
 *(.fini3)
 *(.fini2)
 *(.fini2)
 *(.fini1)
 *(.fini1)
 *(.fini0)
 .fini0         0x000000000000098a        0x4 /usr/lib/gcc/avr/4.9.2/avr5/libgcc.a(_exit.o)
 *(.fini0)
                0x000000000000098e                _etext = .

.data           0x0000000000800100       0x34 load address 0x000000000000098e
                0x0000000000800100                PROVIDE (__data_start, .)
 *(.data)
 .data          0x0000000000800100        0x0 /usr/lib/gcc/avr/4.9.2/../../../avr/lib/avr5/crtatmega328.o
 .data          0x0000000000800100        0xe tp2.o
 .data          0x000000000080010e        0x0 /usr/lib/gcc/avr/4.9.2/avr5/libgcc.a(_exit.o)
 .data          0x000000000080010e        0x0 /usr/lib/gcc/avr/4.9.2/avr5/libgcc.a(_copy_data.o)
 .data          0x000000000080010e        0x0 /usr/lib/gcc/avr/4.9.2/avr5/libgcc.a(_clear_bss.o)
 .data          0x000000000080010e        0x0 /usr/lib/gcc/avr/4.9.2/avr5/libgcc.a(_ctors.o)
 .data          0x000000000080010e        0x0 /usr/lib/gcc/avr/4.9.2/avr5/libgcc.a(_tablejump2.o)
 .data          0x000000000080010e        0x0 /usr/lib/gcc/avr/4.9.2/../../../avr/lib/avr5/libc.a(fputs.o)
 .data          0x000000000080010e        0x0 /usr/lib/gcc/avr/4.9.2/../../../avr/lib/avr5/libc.a(iob.o)
 .data          0x000000000080010e        0x0 /usr/lib/gcc/avr/4.9.2/../../../avr/lib/avr5/libc.a(printf.o)
 .data          0x000000000080010e        0x0 /usr/lib/gcc/avr/4.9.2/../../../avr/lib/avr5/libc.a(vfprintf_std.o)
 .data          0x000000000080010e        0x0 /usr/lib/gcc/avr/4.9.2/../../../avr/lib/avr5/libc.a(strnlen_P.o)
 .data          0x000000000080010e        0x0 /usr/lib/gcc/avr/4.9.2/../../../avr/lib/avr5/libc.a(strnlen.o)
 .data          0x000000000080010e        0x0 /usr/lib/gcc/avr/4.9.2/../../../avr/lib/avr5/libc.a(fputc.o)
 .data          0x000000000080010e        0x0 /usr/lib/gcc/avr/4.9.2/../../../avr/lib/avr5/libc.a(ultoa_invert.o)
 .data          0x000000000080010e        0x0 /usr/lib/gcc/avr/4.9.2/avr5/libgcc.a(_prologue.o)
 .data          0x000000000080010e        0x0 /usr/lib/gcc/avr/4.9.2/avr5/libgcc.a(_epilogue.o)
 *(.data*)
 *(.rodata)
 *(.rodata*)
 .rodata.str1.1
                0x000000000080010e       0x26 tp2.o
 *(.gnu.linkonce.d*)
                0x0000000000800134                . = ALIGN (0x2)
                0x0000000000800134                _edata = .
                0x0000000000800134                PROVIDE (__data_end, .)

.bss            0x0000000000800134       0x58
                0x0000000000800134                PROVIDE (__bss_start, .)
 *(.bss)
 .bss           0x0000000000800134        0x0 /usr/lib/gcc/avr/4.9.2/../../../avr/lib/avr5/crtatmega328.o
 .bss           0x0000000000800134       0x52 tp2.o
 .bss           0x0000000000800186        0x0 /usr/lib/gcc/avr/4.9.2/avr5/libgcc.a(_exit.o)
 .bss           0x0000000000800186        0x0 /usr/lib/gcc/avr/4.9.2/avr5/libgcc.a(_copy_data.o)
 .bss           0x0000000000800186        0x0 /usr/lib/gcc/avr/4.9.2/avr5/libgcc.a(_clear_bss.o)
 .bss           0x0000000000800186        0x0 /usr/lib/gcc/avr/4.9.2/avr5/libgcc.a(_ctors.o)
 .bss           0x0000000000800186        0x0 /usr/lib/gcc/avr/4.9.2/avr5/libgcc.a(_tablejump2.o)
 .bss           0x0000000000800186        0x0 /usr/lib/gcc/avr/4.9.2/../../../avr/lib/avr5/libc.a(fputs.o)
 .bss           0x0000000000800186        0x0 /usr/lib/gcc/avr/4.9.2/../../../avr/lib/avr5/libc.a(iob.o)
 .bss           0x0000000000800186        0x0 /usr/lib/gcc/avr/4.9.2/../../../avr/lib/avr5/libc.a(printf.o)
 .bss           0x0000000000800186        0x0 /usr/lib/gcc/avr/4.9.2/../../../avr/lib/avr5/libc.a(vfprintf_std.o)
 .bss           0x0000000000800186        0x0 /usr/lib/gcc/avr/4.9.2/../../../avr/lib/avr5/libc.a(strnlen_P.o)
 .bss           0x0000000000800186        0x0 /usr/lib/gcc/avr/4.9.2/../../../avr/lib/avr5/libc.a(strnlen.o)
 .bss           0x0000000000800186        0x0 /usr/lib/gcc/avr/4.9.2/../../../avr/lib/avr5/libc.a(fputc.o)
 .bss           0x0000000000800186        0x0 /usr/lib/gcc/avr/4.9.2/../../../avr/lib/avr5/libc.a(ultoa_invert.o)
 .bss           0x0000000000800186        0x0 /usr/lib/gcc/avr/4.9.2/avr5/libgcc.a(_prologue.o)
 .bss           0x0000000000800186        0x0 /usr/lib/gcc/avr/4.9.2/avr5/libgcc.a(_epilogue.o)
 *(.bss*)
 *(COMMON)
 COMMON         0x0000000000800186        0x6 /usr/lib/gcc/avr/4.9.2/../../../avr/lib/avr5/libc.a(iob.o)
                0x0000000000800186                __iob
                0x000000000080018c                PROVIDE (__bss_end, .)
                0x000000000000098e                __data_load_start = LOADADDR (.data)
                0x00000000000009c2                __data_load_end = (__data_load_start + SIZEOF (.data))

.noinit         0x000000000080018c        0x0
                0x000000000080018c                PROVIDE (__noinit_start, .)
 *(.noinit*)
                0x000000000080018c                PROVIDE (__noinit_end, .)
                0x000000000080018c                _end = .
                0x000000000080018c                PROVIDE (__heap_start, .)

.eeprom         0x0000000000810000        0x0
 *(.eeprom*)
                0x0000000000810000                __eeprom_end = .

.fuse
 *(.fuse)
 *(.lfuse)
 *(.hfuse)
 *(.efuse)

.lock
 *(.lock*)

.signature
 *(.signature*)

.user_signatures
 *(.user_signatures*)

.stab           0x0000000000000000      0xb94
 *(.stab)
 .stab          0x0000000000000000      0xb94 tp2.o

.stabstr        0x0000000000000000      0xe9b
 *(.stabstr)
 .stabstr       0x0000000000000000      0xe9b tp2.o

.stab.excl
 *(.stab.excl)

.stab.exclstr
 *(.stab.exclstr)

.stab.index
 *(.stab.index)

.stab.indexstr
 *(.stab.indexstr)

.comment        0x0000000000000000       0x11
 *(.comment)
 .comment       0x0000000000000000       0x11 tp2.o
                                         0x12 (size before relaxing)
 .comment       0x0000000000000011       0x12 /usr/lib/gcc/avr/4.9.2/../../../avr/lib/avr5/libc.a(fputs.o)
 .comment       0x0000000000000011       0x12 /usr/lib/gcc/avr/4.9.2/../../../avr/lib/avr5/libc.a(iob.o)
 .comment       0x0000000000000011       0x12 /usr/lib/gcc/avr/4.9.2/../../../avr/lib/avr5/libc.a(printf.o)
 .comment       0x0000000000000011       0x12 /usr/lib/gcc/avr/4.9.2/../../../avr/lib/avr5/libc.a(vfprintf_std.o)
 .comment       0x0000000000000011       0x12 /usr/lib/gcc/avr/4.9.2/../../../avr/lib/avr5/libc.a(fputc.o)

.note.gnu.avr.deviceinfo
                0x0000000000000000       0x3c
 .note.gnu.avr.deviceinfo
                0x0000000000000000       0x3c /usr/lib/gcc/avr/4.9.2/../../../avr/lib/avr5/crtatmega328.o

.note.gnu.build-id
 *(.note.gnu.build-id)

.debug
 *(.debug)

.line
 *(.line)

.debug_srcinfo
 *(.debug_srcinfo)

.debug_sfnames
 *(.debug_sfnames)

.debug_aranges
 *(.debug_aranges)

.debug_pubnames
 *(.debug_pubnames)

.debug_info
 *(.debug_info .gnu.linkonce.wi.*)

.debug_abbrev
 *(.debug_abbrev)

.debug_line
 *(.debug_line .debug_line.* .debug_line_end)

.debug_frame
 *(.debug_frame)

.debug_str
 *(.debug_str)

.debug_loc
 *(.debug_loc)

.debug_macinfo
 *(.debug_macinfo)

.debug_weaknames
 *(.debug_weaknames)

.debug_funcnames
 *(.debug_funcnames)

.debug_typenames
 *(.debug_typenames)

.debug_varnames
 *(.debug_varnames)

.debug_pubtypes
 *(.debug_pubtypes)

.debug_ranges
 *(.debug_ranges)

.debug_macro
 *(.debug_macro)
OUTPUT(tp2.elf elf32-avr)
LOAD linker stubs
